
> buildflow-ai@0.1.0 build
> next build

▲ Next.js 16.2.12 (Turbopack)

  Creating an optimized production build ...
✓ Compiled successfully in 8.5s
  Running TypeScript ...
  Finished TypeScript in 7.4s ...
  Collecting page data using 11 workers ...
  Generating static pages using 11 workers (0/14) ...
  Generating static pages using 11 workers (3/14) 
  Generating static pages using 11 workers (6/14) 
  Generating static pages using 11 workers (10/14) 
✓ Generating static pages using 11 workers (14/14) in 1276ms
  Finalizing page optimization ...

Route (app)
┌ ○ /
├ ○ /_not-found
├ ○ /ai
├ ƒ /api/ai
├ ƒ /api/health
├ ƒ /api/projects
├ ○ /auth/login
├ ○ /auth/register
├ ○ /auth/signup
├ ○ /dashboard
├ ○ /onboarding
├ ○ /projects
└ ○ /roadmap


○  (Static)   prerendered as static content
ƒ  (Dynamic)  server-rendered on demand

